// Jest Snapshot v1, https://goo.gl/fbAQLP

exports[`build 1`] = `
Array [
  Object {
    "augments": Array [],
    "description": Object {
      "children": Array [
        Object {
          "children": Array [
            Object {
              "type": "text",
              "value": "hi",
            },
          ],
          "type": "paragraph",
        },
      ],
      "type": "root",
    },
    "errors": Array [],
    "examples": Array [],
    "implements": Array [],
    "loc": SourceLocation {
      "end": Position {
        "column": 9,
        "index": 9,
        "line": 1,
      },
      "filename": undefined,
      "identifierName": undefined,
      "start": Position {
        "column": 0,
        "index": 0,
        "line": 1,
      },
    },
    "members": Object {
      "events": Array [],
      "global": Array [],
      "inner": Array [],
      "instance": Array [],
      "static": Array [],
    },
    "name": "name",
    "namespace": "name",
    "params": Array [],
    "path": Array [
      Object {
        "kind": undefined,
        "name": "name",
      },
    ],
    "properties": Array [],
    "returns": Array [],
    "sees": Array [],
    "tags": Array [],
    "throws": Array [],
    "todos": Array [],
    "yields": Array [],
  },
]
`;

exports[`build 2`] = `
"<!-- Generated by documentation.js. Update this documentation by updating the source code. -->

## name

hi
"
`;

exports[`build 3`] = `
"[
  {
    \\"description\\": {
      \\"type\\": \\"root\\",
      \\"children\\": [
        {
          \\"type\\": \\"paragraph\\",
          \\"children\\": [
            {
              \\"type\\": \\"text\\",
              \\"value\\": \\"hi\\"
            }
          ]
        }
      ]
    },
    \\"tags\\": [],
    \\"loc\\": {
      \\"start\\": {
        \\"line\\": 1,
        \\"column\\": 0,
        \\"index\\": 0
      },
      \\"end\\": {
        \\"line\\": 1,
        \\"column\\": 9,
        \\"index\\": 9
      }
    },
    \\"augments\\": [],
    \\"examples\\": [],
    \\"implements\\": [],
    \\"params\\": [],
    \\"properties\\": [],
    \\"returns\\": [],
    \\"sees\\": [],
    \\"throws\\": [],
    \\"todos\\": [],
    \\"yields\\": [],
    \\"name\\": \\"name\\",
    \\"members\\": {
      \\"global\\": [],
      \\"inner\\": [],
      \\"instance\\": [],
      \\"events\\": [],
      \\"static\\": []
    },
    \\"path\\": [
      {
        \\"name\\": \\"name\\"
      }
    ],
    \\"namespace\\": \\"name\\"
  }
]"
`;
