// Jest Snapshot v1, https://goo.gl/fbAQLP

exports[`sort toc with files 1`] = `
Array [
  Object {
    "description": Object {
      "children": Array [
        Object {
          "children": Array [
            Object {
              "position": Position {
                "end": Object {
                  "column": 16,
                  "line": 1,
                  "offset": 15,
                },
                "indent": Array [],
                "start": Object {
                  "column": 3,
                  "line": 1,
                  "offset": 2,
                },
              },
              "type": "text",
              "value": "The Snowflake",
            },
          ],
          "depth": 1,
          "position": Position {
            "end": Object {
              "column": 16,
              "line": 1,
              "offset": 15,
            },
            "indent": Array [],
            "start": Object {
              "column": 1,
              "line": 1,
              "offset": 0,
            },
          },
          "type": "heading",
        },
      ],
      "position": Object {
        "end": Object {
          "column": 1,
          "line": 2,
          "offset": 16,
        },
        "start": Object {
          "column": 1,
          "line": 1,
          "offset": 0,
        },
      },
      "type": "root",
    },
    "kind": "note",
    "name": "snowflake",
    "path": Array [
      Object {
        "name": "snowflake",
        "scope": "static",
      },
    ],
  },
  Object {
    "context": Object {
      "sortKey": "a",
    },
    "name": "apples",
  },
  Object {
    "context": Object {
      "sortKey": "b",
    },
    "name": "carrot",
  },
  Object {
    "context": Object {
      "sortKey": "c",
    },
    "name": "bananas",
  },
]
`;

exports[`sort toc with files absolute path 1`] = `
Array [
  Object {
    "description": Object {
      "children": Array [
        Object {
          "children": Array [
            Object {
              "position": Position {
                "end": Object {
                  "column": 16,
                  "line": 1,
                  "offset": 15,
                },
                "indent": Array [],
                "start": Object {
                  "column": 3,
                  "line": 1,
                  "offset": 2,
                },
              },
              "type": "text",
              "value": "The Snowflake",
            },
          ],
          "depth": 1,
          "position": Position {
            "end": Object {
              "column": 16,
              "line": 1,
              "offset": 15,
            },
            "indent": Array [],
            "start": Object {
              "column": 1,
              "line": 1,
              "offset": 0,
            },
          },
          "type": "heading",
        },
      ],
      "position": Object {
        "end": Object {
          "column": 1,
          "line": 2,
          "offset": 16,
        },
        "start": Object {
          "column": 1,
          "line": 1,
          "offset": 0,
        },
      },
      "type": "root",
    },
    "kind": "note",
    "name": "snowflake",
    "path": Array [
      Object {
        "name": "snowflake",
        "scope": "static",
      },
    ],
  },
  Object {
    "context": Object {
      "sortKey": "a",
    },
    "name": "apples",
  },
  Object {
    "context": Object {
      "sortKey": "b",
    },
    "name": "carrot",
  },
  Object {
    "context": Object {
      "sortKey": "c",
    },
    "name": "bananas",
  },
]
`;

exports[`sort toc with files absolute path 2`] = `
Array [
  Object {
    "context": Object {
      "sortKey": "a",
    },
    "memberof": "classB",
    "name": "apples",
  },
  Object {
    "context": Object {
      "sortKey": "c",
    },
    "memberof": "classB",
    "name": "bananas",
  },
  Object {
    "context": Object {
      "sortKey": "b",
    },
    "memberof": "classB",
    "name": "carrot",
  },
]
`;
